Data Analyst@David_Hatch MINGW64 ~/Documents/Github/datamex0120/module-1/lab-bash (branch)
$ ls
-bash_profile  README.md  exercices  hello.py  inputs  lorem  lorem-copy  outputs
Data Analyst@David_Hatch MINGW64 ~/Documents/Github/datamex0120/module-1/lab-bash (branch)
$ python hello.py
Hello world
Data Analyst@David_Hatch MINGW64 ~/Documents/Github/datamex0120/module-1/lab-bash (branch)
$ mkdir new_dir
Data Analyst@David_Hatch MINGW64 ~/Documents/Github/datamex0120/module-1/lab-bash (branch)
$ rmdir new_dir
Data Analyst@David_Hatch MINGW64 ~/Documents/Github/datamex0120/module-1/lab-bash/lorem (branch)
$ cp sed.txt ~/Documents/Github/datamex0120/module-1/lab-bash/lorem-copy   
Data Analyst@David_Hatch MINGW64 ~/Documents/Github/datamex0120/module-1/lab-bash/lorem (branch)
$ cp at.txt ~/Documents/Github/datamex0120/module-1/lab-bash/lorem-copy ; cp lorem.txt ~/Documents/Github/datamex0120/m
odule-1/lab-bash/lorem-copy
Data Analyst@David_Hatch MINGW64 ~/Documents/Github/datamex0120/module-1/lab-bash/lorem (branch)
$ cat 3 sed.txt
cat: 3: No such file or directory
Sed ut perspiciatis unde omnis iste natus error sit voluptatem accusantium doloremque laudantium,
totam rem aperiam, eaque ipsa quae ab illo inventore veritatis et quasi architecto beatae vitae dicta sunt explicabo.
Nemo enim ipsam voluptatem quia voluptas sit aspernatur aut odit aut fugit,
sed quia consequuntur magni dolores eos qui ratione voluptatem sequi nesciunt.
Neque porro quisquam est, qui dolorem ipsum quia dolor sit amet, consectetur, adipisci velit,
sed quia non numquam eius modi tempora incidunt ut labore et dolore magnam aliquam quaerat voluptatem.
Ut enim ad minima veniam, quis nostrum exercitationem ullam corporis suscipit laboriosam,
nisi ut aliquid ex ea commodi consequatur? Quis autem vel eum iure reprehenderit qui in ea voluptate velit esse quam nihil molestiae consequatur,
vel illum qui dolorem eum fugiat quo voluptas nulla pariatur?
Data Analyst@David_Hatch MINGW64 ~/Documents/Github/datamex0120/module-1/lab-bash/lorem (branch)
$ cat at.txt ; cat lorem.txt
At vero eos et accusamus et iusto odio dignissimos ducimus qui blanditiis praesentium voluptatum
deleniti atque corrupti quos dolores et quas molestias excepturi sint occaecati cupiditate non
provident, similique sunt in culpa qui officia deserunt mollitia animi, id est laborum et dolorum fuga.
Et harum quidem rerum facilis est et expedita distinctio.
Nam libero tempore, cum soluta nobis est eligendi optio cumque nihil impedit quo minus id quod
maxime placeat facere possimus, omnis voluptas assumenda est, omnis dolor repellendus.
Temporibus autem quibusdam et aut officiis debitis aut rerum necessitatibus saepe eveniet
ut et voluptates repudiandae sint et molestiae non recusandae.
Itaque earum rerum hic tenetur a sapiente delectus, ut aut reiciendis voluptatibus maiores
alias consequatur aut perferendis doloribus asperiores repellatLorem ipsum dolor sit amet, consectetur adipiscing elit, sed do eiusmod tempor incididunt ut labore et dolore magna aliqua.
Ut enim ad minim veniam, quis nostrud exercitation ullamco laboris nisi ut aliquip ex ea commodo consequat.
Duis aute irure dolor in reprehenderit in voluptate velit esse cillum dolore eu fugiat nulla pariatur.
Excepteur sint occaecat cupidatat non proident, sunt in culpa qui officia deserunt mollit anim id est laborum.
Data Analyst@David_Hatch MINGW64 ~/Documents/Github/datamex0120/module-1/lab-bash/lorem-copy (branch)
$ cat 3 sed.txt
cat: 3: No such file or directory
Sed ut perspiciatis unde omnis iste natus error sit voluptatem accusantium doloremque laudantium,
totam rem aperiam, eaque ipsa quae ab illo inventore veritatis et quasi architecto beatae vitae dicta sunt explicabo.
Nemo enim ipsam voluptatem quia voluptas sit aspernatur aut odit aut fugit,
sed quia consequuntur magni dolores eos qui ratione voluptatem sequi nesciunt.
Neque porro quisquam est, qui dolorem ipsum quia dolor sit amet, consectetur, adipisci velit,
sed quia non numquam eius modi tempora incidunt ut labore et dolore magnam aliquam quaerat voluptatem.
Ut enim ad minima veniam, quis nostrum exercitationem ullam corporis suscipit laboriosam,
nisi ut aliquid ex ea commodi consequatur? Quis autem vel eum iure reprehenderit qui in ea voluptate velit esse quam nihil molestiae consequatur,
vel illum qui dolorem eum fugiat quo voluptas nulla pariatur?
Data Analyst@David_Hatch MINGW64 ~/Documents/Github/datamex0120/module-1/lab-bash/lorem-copy (branch)
$ tail -n 3 sed.txt
Ut enim ad minima veniam, quis nostrum exercitationem ullam corporis suscipit laboriosam,
nisi ut aliquid ex ea commodi consequatur? Quis autem vel eum iure reprehenderit qui in ea voluptate velit esse quam nihil molestiae consequatur,
vel illum qui dolorem eum fugiat quo voluptas nulla pariatur?
Data Analyst@David_Hatch MINGW64 ~/Documents/Github/datamex0120/module-1/lab-bash/lorem-copy (branch)
$ echo "Homo homini  lupus." >> sed.txt
Data Analyst@David_Hatch MINGW64 ~/Documents/Github/datamex0120/module-1/lab-bash/lorem-copy (branch)
$ tail -n 3 sed.txt
Ut enim ad minima veniam, quis nostrum exercitationem ullam corporis suscipit laboriosam,
nisi ut aliquid ex ea commodi consequatur? Quis autem vel eum iure reprehenderit qui in ea voluptate velit esse quam nihil molestiae consequatur,
vel illum qui dolorem eum fugiat quo voluptas nulla pariatur?Homo homini  lupus.
